[www.strela-academy.ru/index.html]
[backblue.gif]
[fade.gif]
[index.html]
[static.tildacdn.com/lib/unsplash/596ba62b-55bb-dc43-fc08-19eb54ee0e04/-/resize/504x/photo.jpg]
[static.tildacdn.com/index.html]
[static.tildacdn.com/img/tildafavicon.ico]
[static.tildacdn.com/css/tilda-grid-3.0.min.css]
[tilda.ws/project1997668/tilda-blocks-2.122e63.css]
[static.tildacdn.com/css/tilda-animation-1.0.min.css]
[static.tildacdn.com/js/rentafont_webfonts.js]
[static.tildacdn.com/js/jquery-1.10.2.min.js]
[static.tildacdn.com/js/tilda-scripts-2.8.min.js]
[tilda.ws/project1997668/tilda-blocks-2.72e63.js]
[static.tildacdn.com/js/lazyload-1.3.min.js]
[static.tildacdn.com/js/tilda-animation-1.0.min.js]
[tilda.ws/project1997668/tilda-blocks-2.1212bd.css]
[static.tildacdn.com/css/tilda-menusub-1.0.min.css]
[static.tildacdn.com/css/tilda-popup-1.1.min.css]
[static.tildacdn.com/css/tilda-slds-1.4.min.css]
[static.tildacdn.com/css/tilda-zoom-2.0.min.css]
[tilda.ws/project1997668/tilda-blocks-2.712bd.js]
[static.tildacdn.com/js/tilda-menusub-1.0.min.js]
[static.tildacdn.com/js/tilda-forms-1.0.min.js]
[static.tildacdn.com/js/tilda-slds-1.4.min.js]
[static.tildacdn.com/js/hammer.min.js]
[ajax.googleapis.com/ajax/libs/jquery/1.10.2/jquery.min.js]
[static.tildacdn.com/js/tilda-zoom-2.0.min.js]
[connect.facebook.net/en_US/fbevents.js]
[www.facebook.com/trfd34.gif]
[static.tildacdn.com/lib/unsplash/596ba62b-55bb-dc43-fc08-19eb54ee0e04/-/resize/20x/photo.jpg]
[static.tildacdn.com/tild6238-3532-4562-b638-363632306139/-/resizeb/20x/WhatsApp_Image_2020-.jpg]
[static.tildacdn.com/tild3630-3831-4862-b336-313262623735/-/resizeb/20x/pilatesjpg.jpg]
[static.tildacdn.com/tild3661-6233-4438-b837-646633613736/kisspng-vertebral-co.png]
[static.tildacdn.com/tild3661-6233-4438-b837-646633613736/-/empty/kisspng-vertebral-co.png]
[static.tildacdn.com/tild3337-6464-4661-a264-306264643937/WhatsApp_Image_2020-.jpg]
[static.tildacdn.com/tild3939-3135-4961-a533-653966303861/-/empty/photo_2020-02-25_14-.png]
[static.tildacdn.com/tild3939-3135-4961-a533-653966303861/photo_2020-02-25_14-.jpg]
[static.tildacdn.com/tild3839-3239-4835-b938-333064393531/-/empty/photo_2020-02-25_14-.png]
[static.tildacdn.com/tild3839-3239-4835-b938-333064393531/photo_2020-02-25_14-.jpg]
[static.tildacdn.com/tild3735-3532-4530-b438-646237313935/-/empty/photo_2020-02-25_14-.png]
[static.tildacdn.com/tild3735-3532-4530-b438-646237313935/photo_2020-02-25_14-.jpg]
[static.tildacdn.com/tild6637-6165-4061-a265-353639383138/-/empty/photo_2020-02-25_14-.png]
[static.tildacdn.com/tild6637-6165-4061-a265-353639383138/photo_2020-02-25_14-.jpg]
[static.tildacdn.com/tild6231-3432-4231-b638-323963336337/-/empty/photo_2020-02-25_14-.png]
[static.tildacdn.com/tild6231-3432-4231-b638-323963336337/photo_2020-02-25_14-.jpg]
[static.tildacdn.com/tild3530-6635-4539-a435-356465643762/-/empty/photo_2020-02-25_14-.png]
[static.tildacdn.com/tild3530-6635-4539-a435-356465643762/photo_2020-02-25_14-.jpg]
[static.tildacdn.com/tild3665-3334-4830-b533-373663623938/-/resize/20x/photo.png]
[static.tildacdn.com/tild3363-3830-4231-a366-646362646136/mastercard.png]
[static.tildacdn.com/tild6432-6433-4564-b761-653933636361/visa.png]
[stat.tildacdn.com/js/tildastat-0.2.min.js]
[static.tildacdn.com/img/tildacopy.png]
[www.strela-academy.ru/index.html]
[tilda.ws/index.html]
[static.tildacdn.com/index.html]
[static.tildacdn.com/js/jquery-1.10.2.min.js]
[static.tildacdn.com/js/rentafont_webfonts.js]
[static.tildacdn.com/js/tilda-scripts-2.8.min.js]
[static.tildacdn.com/js/lazyload-1.3.min.js]
[static.tildacdn.com/js/tilda-forms-1.0.min.js]
[ajax.googleapis.com/ajax/libs/jquery/1.10.2/jquery.min.js]
[static.tildacdn.com/js/tilda-slds-1.4.min.js]
[static.tildacdn.com/js/tilda-zoom-2.0.min.js]
[static.tildacdn.com/css/tilda-grid-3.0.min.css]
[static.tildacdn.com/img/b-share_counter_large_white.png]
[tilda.ws/project1997668/tilda-blocks-2.122e63.css]
[static.tildacdn.com/css/tilda-animation-1.0.min.css]
[tilda.ws/project1997668/tilda-blocks-2.72e63.js]
[static.tildacdn.com/tild3661-6233-4438-b837-646633613736/kisspng-vertebral-co.png]
[tilda.ws/project1997668/tilda-blocks-2.1212bd.css]
[static.tildacdn.com/css/tilda-menusub-1.0.min.css]
[static.tildacdn.com/css/tilda-popup-1.1.min.css]
[static.tildacdn.com/css/tilda-slds-1.4.min.css]
[static.tildacdn.com/css/tilda-zoom-2.0.min.css]
[tilda.ws/project1997668/tilda-blocks-2.712bd.js]
[www.strela-academy.ru/js/jquery-1.10.1.html]
[www.strela-academy.ru/js/other.html]
[stat.tildacdn.com/js/tildastat-0.2.min.js]
[connect.facebook.net/en_US/fbevents.js]
[www.strela-academy.ru/tilda/popup/index.html]
[www.strela-academy.ru/POST.html]
[static.tildacdn.com/tild3530-6635-4539-a435-356465643762/photo_2020-02-25_14-.jpg]
[static.tildacdn.com/lib/linea/1bec3cd7-e9d1-2879-5880-19b597ef9f1a/arrows_circle_remove.svg]
[static.tildacdn.com/lib/linea/1bec3cd7-e9d1-2879-5880-19b597ef9f1a/arrows_circle_remove.svg]
